2026-09-27 00:31:24 - house_price_api - INFO - Starting up House Price Prediction API...
2026-09-27 00:31:43 - house_price_api - INFO - API ready to serve requests.
2026-09-27 00:32:13 - house_price_api - INFO - Starting up House Price Prediction API...
2026-09-27 00:32:17 - house_price_api - INFO - API ready to serve requests.
2026-09-27 00:32:41 - house_price_api - INFO - Future prediction requested: location=LocationEnum.mumbai, years=10
2026-09-27 00:32:41 - house_price_api - INFO - Current prediction requested: location=LocationEnum.mumbai, BHK=3
2026-09-27 00:32:41 - house_price_api - INFO - Prediction result: 212.1 lakhs
2026-09-27 00:32:41 - house_price_api - INFO - Forecast generated for 10 years, effective rate=0.1075
2026-09-27 00:34:18 - house_price_api - INFO - Future prediction requested: location=LocationEnum.mumbai, years=10
2026-09-27 00:34:18 - house_price_api - INFO - Current prediction requested: location=LocationEnum.mumbai, BHK=3
2026-09-27 00:34:18 - house_price_api - INFO - Prediction result: 239.32 lakhs
2026-09-27 00:34:18 - house_price_api - INFO - Forecast generated for 10 years, effective rate=0.1075
2026-09-27 00:34:51 - house_price_api - INFO - Future prediction requested: location=LocationEnum.bangalore, years=3
2026-09-27 00:34:51 - house_price_api - INFO - Current prediction requested: location=LocationEnum.bangalore, BHK=1
2026-09-27 00:34:51 - house_price_api - INFO - Prediction result: 153.7 lakhs
2026-09-27 00:34:51 - house_price_api - INFO - Forecast generated for 3 years, effective rate=0.1250
2026-09-27 00:35:03 - house_price_api - INFO - Future prediction requested: location=LocationEnum.new_delhi, years=50
2026-09-27 00:35:03 - house_price_api - INFO - Current prediction requested: location=LocationEnum.new_delhi, BHK=5
2026-09-27 00:35:03 - house_price_api - INFO - Prediction result: 332.69 lakhs
2026-09-27 00:35:03 - house_price_api - INFO - Forecast generated for 50 years, effective rate=0.1075
2026-09-27 00:44:54 - house_price_api - INFO - Future prediction requested: location=LocationEnum.mumbai, years=10
2026-09-27 00:44:54 - house_price_api - INFO - Current prediction requested: location=LocationEnum.mumbai, BHK=3
2026-09-27 00:44:54 - house_price_api - INFO - Prediction result: 212.1 lakhs
2026-09-27 00:44:54 - house_price_api - INFO - Forecast generated for 10 years, effective rate=0.1075
2026-09-27 01:21:43 - house_price_api - INFO - Future prediction requested: location=LocationEnum.mumbai, years=10
2026-09-27 01:21:44 - house_price_api - INFO - Current prediction requested: location=LocationEnum.mumbai, BHK=3
2026-09-27 01:21:44 - house_price_api - INFO - Prediction result: 212.1 lakhs
2026-09-27 01:21:44 - house_price_api - INFO - Forecast generated for 10 years, effective rate=0.1075
